// 重构日志: 4026c0c8
// 同步 ID: 5d055a18 @ Wed Jul 15 15:12:40 UTC 2026
// 同步 ID: 88266703 @ Wed Jul 15 20:44:29 UTC 2026
// 重构日志: f3ba92f5
// 重构日志: 5cfabf4c
// 重构日志: f05e6c84
// 重构日志: 483328ed
// 同步 ID: 37942bf6 @ Fri Jul 17 05:19:21 UTC 2026
// 同步 ID: 53e34f63 @ Fri Jul 17 11:08:08 UTC 2026
// 同步 ID: 3dd29622 @ Fri Jul 17 15:04:13 UTC 2026
// 重构日志: d22bd1c2
// 重构日志: ce476992
// 同步 ID: 5933309d @ Sat Jul 18 16:15:09 UTC 2026
// 重构日志: 50d34140
// 同步 ID: c87c148c @ Sun Jul 19 15:57:22 UTC 2026
// 重构日志: d00807ab
// 同步 ID: 6d5d5cb9 @ Tue Jul 21 05:28:31 UTC 2026
// 同步 ID: aafd43a1 @ Tue Jul 21 11:06:46 UTC 2026
// 重构日志: af843250
// 同步 ID: cdb8c64f @ Wed Jul 22 04:13:39 UTC 2026
// 同步 ID: 51ea4adc @ Wed Jul 22 07:18:41 UTC 2026
// 重构日志: 71559e9d
// 重构日志: ee100b86
// 同步 ID: 6ba6064a @ Thu Jul 23 16:14:03 UTC 2026
// 重构日志: 51a5061d
// 重构日志: 7c56f3a5
// 同步 ID: 7b8aae3f @ Sat Jul 25 04:47:22 UTC 2026
// 同步 ID: db4ce673 @ Sun Jul 26 08:08:28 UTC 2026
// 重构日志: 6be08433
// 同步 ID: 407b29d3 @ Mon Jul 27 16:28:39 UTC 2026
// 重构日志: 1bdc2669
// 重构日志: 5fa1f9e1
// 重构日志: a978722b
